generated 25 / 1512 elapsed 15
generated 50 / 1512 elapsed 29
generated 75 / 1512 elapsed 45
generated 100 / 1512 elapsed 56
generated 125 / 1512 elapsed 72
generated 150 / 1512 elapsed 85
generated 175 / 1512 elapsed 100
generated 200 / 1512 elapsed 108
generated 225 / 1512 elapsed 122
generated 250 / 1512 elapsed 300
generated 275 / 1512 elapsed 329
generated 300 / 1512 elapsed 364
generated 325 / 1512 elapsed 484
generated 350 / 1512 elapsed 543
generated 375 / 1512 elapsed 563
generated 400 / 1512 elapsed 606
generated 425 / 1512 elapsed 675
generated 450 / 1512 elapsed 697
generated 475 / 1512 elapsed 723
generated 500 / 1512 elapsed 777
generated 525 / 1512 elapsed 817
generated 550 / 1512 elapsed 863
generated 575 / 1512 elapsed 1101
generated 600 / 1512 elapsed 1229
generated 625 / 1512 elapsed 1257
generated 650 / 1512 elapsed 1290
generated 675 / 1512 elapsed 1402
generated 700 / 1512 elapsed 1412
generated 725 / 1512 elapsed 1433
generated 750 / 1512 elapsed 1476
generated 775 / 1512 elapsed 1496
generated 800 / 1512 elapsed 1524
generated 825 / 1512 elapsed 1570
generated 850 / 1512 elapsed 1625
generated 875 / 1512 elapsed 1649
generated 900 / 1512 elapsed 1686
generated 925 / 1512 elapsed 1768
generated 950 / 1512 elapsed 1793
generated 975 / 1512 elapsed 1812
generated 1000 / 1512 elapsed 1961
generated 1025 / 1512 elapsed 1990
generated 1050 / 1512 elapsed 2001
generated 1075 / 1512 elapsed 2040
generated 1100 / 1512 elapsed 2109
generated 1125 / 1512 elapsed 2126
generated 1150 / 1512 elapsed 2178
generated 1175 / 1512 elapsed 2267
generated 1200 / 1512 elapsed 2284
generated 1225 / 1512 elapsed 2323
generated 1250 / 1512 elapsed 2369
generated 1275 / 1512 elapsed 2406
generated 1300 / 1512 elapsed 2418
generated 1325 / 1512 elapsed 2441
generated 1350 / 1512 elapsed 2485
generated 1375 / 1512 elapsed 2519
generated 1400 / 1512 elapsed 2564
generated 1425 / 1512 elapsed 2682
generated 1450 / 1512 elapsed 2713
generated 1475 / 1512 elapsed 2725
generated 1500 / 1512 elapsed 2775
